INFO 2025-06-18 12:47:45,303 views 34450 130068703606464 Correo de verificación enviado exitosamente a marco.vazquez@edomex.gob.mx
INFO 2025-06-18 13:55:55,775 views 44551 127553772713664 Correo de verificación enviado exitosamente a marko.vadel@gmail.com
INFO 2025-06-18 13:56:23,231 views 44948 131646074386112 Correo de verificación enviado exitosamente a marko.vadel@gmail.com
INFO 2025-06-23 10:46:04,493 views 17062 140064889747136 Correo de verificación enviado exitosamente a marko.vadel@gmail.com
INFO 2025-06-25 13:06:24,922 views 35780 135328706848448 Correo de verificación enviado exitosamente a aguscle988@gmail.com
INFO 2025-06-25 16:10:58,203 autoreload 53635 133891468693760 Watching for file changes with StatReloader
INFO 2025-06-25 16:11:02,227 basehttp 53635 133891346134720 "GET / HTTP/1.1" 200 21055
INFO 2025-06-25 16:11:02,911 basehttp 53635 133891346134720 "GET / HTTP/1.1" 200 21055
INFO 2025-06-25 16:11:41,675 autoreload 53635 133891468693760 /home/marco/PycharmProjects/BT/config/settings.py changed, reloading.
INFO 2025-06-25 16:11:41,890 autoreload 53765 133488649736448 Watching for file changes with StatReloader
INFO 2025-06-25 16:12:06,835 basehttp 53765 133488455972544 "GET / HTTP/1.1" 200 21055
INFO 2025-06-25 16:12:10,540 autoreload 53865 128394780786944 Watching for file changes with StatReloader
INFO 2025-06-25 16:12:13,547 basehttp 53865 128394658313920 "GET / HTTP/1.1" 200 21055
INFO 2025-06-25 16:12:15,308 basehttp 53865 128394658313920 "GET /login/ HTTP/1.1" 200 9544
INFO 2025-06-25 16:12:53,444 basehttp 53865 128394658313920 "GET /login/ HTTP/1.1" 200 9544
INFO 2025-06-25 16:12:53,456 basehttp 53865 128394658313920 "GET /static/css/styles.css HTTP/1.1" 200 14006
INFO 2025-06-25 16:12:53,457 basehttp 53865 128394423432896 "GET /static/img/facebook.png HTTP/1.1" 200 823
INFO 2025-06-25 16:12:53,457 basehttp 53865 128394415040192 "GET /static/img/x.png HTTP/1.1" 200 1275
INFO 2025-06-25 16:12:53,457 basehttp 53865 128394406647488 "GET /static/img/instagram.png HTTP/1.1" 200 1206
INFO 2025-06-25 16:12:53,458 basehttp 53865 128394640479936 "GET /static/img/logoColores.png HTTP/1.1" 200 6174
INFO 2025-06-25 16:12:53,458 basehttp 53865 128394648872640 "GET /static/img/Mobilidad1.png HTTP/1.1" 200 78065
INFO 2025-06-25 16:12:53,461 basehttp 53865 128394648872640 "GET /static/js/main.js HTTP/1.1" 200 1441
INFO 2025-06-25 16:12:53,802 basehttp 53865 128394648872640 "GET /static/img/colibri.ico HTTP/1.1" 200 1150
INFO 2025-06-25 16:13:00,606 basehttp 53865 128394648872640 "POST /login/ HTTP/1.1" 302 0
INFO 2025-06-25 16:13:00,628 basehttp 53865 128394648872640 "GET /admin/ HTTP/1.1" 200 33216
INFO 2025-06-25 16:13:00,680 basehttp 53865 128394423432896 "GET /static/vendor/adminlte/img/AdminLTELogo.png HTTP/1.1" 200 2637
INFO 2025-06-25 16:13:00,681 basehttp 53865 128394406647488 "GET /static/jazzmin/css/main.css HTTP/1.1" 200 16969
INFO 2025-06-25 16:13:00,681 basehttp 53865 128394648872640 "GET /static/vendor/fontawesome-free/css/all.min.css HTTP/1.1" 200 103009
INFO 2025-06-25 16:13:00,682 basehttp 53865 128394640479936 "GET /static/vendor/bootswatch/darkly/bootstrap.min.css HTTP/1.1" 200 164202
INFO 2025-06-25 16:13:00,683 basehttp 53865 128394415040192 "GET /static/admin/js/vendor/jquery/jquery.js HTTP/1.1" 200 285314
INFO 2025-06-25 16:13:00,684 basehttp 53865 128394423432896 "GET /static/vendor/bootstrap/js/bootstrap.min.js HTTP/1.1" 200 62440
INFO 2025-06-25 16:13:00,685 basehttp 53865 128394406647488 "GET /static/vendor/adminlte/js/adminlte.min.js HTTP/1.1" 200 44244
INFO 2025-06-25 16:13:00,685 basehttp 53865 128394640479936 "GET /static/jazzmin/js/main.js HTTP/1.1" 200 2391
INFO 2025-06-25 16:13:00,686 basehttp 53865 128394658313920 "GET /static/vendor/adminlte/css/adminlte.min.css HTTP/1.1" 200 1382975
INFO 2025-06-25 16:13:00,816 basehttp 53865 128394406647488 "GET /static/vendor/fontawesome-free/webfonts/fa-regular-400.woff2 HTTP/1.1" 200 25392
INFO 2025-06-25 16:13:00,817 basehttp 53865 128394640479936 "GET /static/vendor/fontawesome-free/webfonts/fa-solid-900.woff2 HTTP/1.1" 200 156400
INFO 2025-06-25 16:13:03,091 basehttp 53865 128394640479936 "GET /admin/usuarios/usuario/ HTTP/1.1" 200 34787
INFO 2025-06-25 16:13:03,100 basehttp 53865 128394640479936 "GET /static/vendor/select2/css/select2.min.css HTTP/1.1" 200 16264
INFO 2025-06-25 16:13:03,100 basehttp 53865 128394423432896 "GET /static/admin/js/jquery.init.js HTTP/1.1" 200 347
INFO 2025-06-25 16:13:03,101 basehttp 53865 128394648872640 "GET /static/admin/js/actions.js HTTP/1.1" 200 8076
INFO 2025-06-25 16:13:03,101 basehttp 53865 128394658313920 "GET /static/admin/js/core.js HTTP/1.1" 200 6208
INFO 2025-06-25 16:13:03,101 basehttp 53865 128394415040192 "GET /static/admin/js/admin/RelatedObjectLookups.js HTTP/1.1" 200 9777
INFO 2025-06-25 16:13:03,103 basehttp 53865 128394423432896 "GET /static/admin/js/urlify.js HTTP/1.1" 200 7887
INFO 2025-06-25 16:13:03,103 basehttp 53865 128394658313920 "GET /static/admin/js/prepopulate.js HTTP/1.1" 200 1531
INFO 2025-06-25 16:13:03,104 basehttp 53865 128394415040192 "GET /static/admin/js/vendor/xregexp/xregexp.js HTTP/1.1" 200 325171
INFO 2025-06-25 16:13:03,109 basehttp 53865 128394406647488 "GET /admin/jsi18n/ HTTP/1.1" 200 9208
INFO 2025-06-25 16:13:03,111 basehttp 53865 128394406647488 "GET /static/admin/img/icon-yes.svg HTTP/1.1" 200 436
INFO 2025-06-25 16:13:03,144 basehttp 53865 128394648872640 "GET /static/admin/img/icon-no.svg HTTP/1.1" 200 560
INFO 2025-06-25 16:13:03,154 basehttp 53865 128394423432896 "GET /static/jazzmin/js/change_list.js HTTP/1.1" 200 2252
INFO 2025-06-25 16:13:03,154 basehttp 53865 128394406647488 "GET /static/vendor/select2/js/select2.min.js HTTP/1.1" 200 73170
INFO 2025-06-25 16:13:15,390 basehttp 53865 128394423432896 "POST /admin/usuarios/usuario/ HTTP/1.1" 200 19175
INFO 2025-06-25 16:13:15,398 basehttp 53865 128394423432896 "GET /static/admin/js/cancel.js HTTP/1.1" 200 564
INFO 2025-06-25 16:13:17,265 basehttp 53865 128394423432896 "POST /admin/usuarios/usuario/ HTTP/1.1" 302 0
INFO 2025-06-25 16:13:17,289 basehttp 53865 128394423432896 "GET /admin/usuarios/usuario/ HTTP/1.1" 200 34424
INFO 2025-06-25 16:13:17,346 basehttp 53865 128394423432896 "GET /admin/jsi18n/ HTTP/1.1" 200 9208
INFO 2025-06-25 16:13:24,263 basehttp 53865 128394423432896 "GET /admin/usuarios/usuario/2/change/ HTTP/1.1" 200 46682
INFO 2025-06-25 16:13:24,271 basehttp 53865 128394640479936 "GET /static/admin/js/change_form.js HTTP/1.1" 200 606
INFO 2025-06-25 16:13:24,271 basehttp 53865 128394415040192 "GET /static/admin/js/SelectFilter2.js HTTP/1.1" 200 15709
INFO 2025-06-25 16:13:24,271 basehttp 53865 128394406647488 "GET /static/admin/js/admin/DateTimeShortcuts.js HTTP/1.1" 200 19319
INFO 2025-06-25 16:13:24,271 basehttp 53865 128394648872640 "GET /static/admin/js/calendar.js HTTP/1.1" 200 9141
INFO 2025-06-25 16:13:24,271 basehttp 53865 128394658313920 "GET /static/admin/js/SelectBox.js HTTP/1.1" 200 4530
INFO 2025-06-25 16:13:24,274 basehttp 53865 128394640479936 "GET /static/admin/js/prepopulate_init.js HTTP/1.1" 200 586
INFO 2025-06-25 16:13:24,275 basehttp 53865 128394658313920 "GET /static/jazzmin/js/change_form.js HTTP/1.1" 200 6052
INFO 2025-06-25 16:13:24,278 basehttp 53865 128394423432896 "GET /admin/jsi18n/ HTTP/1.1" 200 9208
INFO 2025-06-25 16:13:24,318 basehttp 53865 128394658313920 "GET /static/admin/img/icon-addlink.svg HTTP/1.1" 200 331
INFO 2025-06-25 16:13:29,076 basehttp 53865 128394658313920 "POST /admin/logout/ HTTP/1.1" 302 0
INFO 2025-06-25 16:13:29,088 basehttp 53865 128394658313920 "GET / HTTP/1.1" 200 21055
INFO 2025-06-25 16:13:29,137 basehttp 53865 128394658313920 "GET /static/js/busqueda-vacantes.js HTTP/1.1" 200 9860
INFO 2025-06-25 16:13:29,137 basehttp 53865 128394423432896 "GET /static/js/cards-responsive.js HTTP/1.1" 200 13109
INFO 2025-06-25 16:13:30,216 basehttp 53865 128394658313920 "GET /login/ HTTP/1.1" 200 9544
INFO 2025-06-25 16:13:31,182 basehttp 53865 128394658313920 "GET /registro/interesado/ HTTP/1.1" 200 9374
INFO 2025-06-25 16:13:50,139 basehttp 53865 128394658313920 "POST /registro/interesado/ HTTP/1.1" 302 0
INFO 2025-06-25 16:13:50,141 basehttp 53865 128394658313920 "GET /login/ HTTP/1.1" 200 9874
INFO 2025-06-25 16:14:44,682 basehttp 53865 128394658313920 "POST /login/ HTTP/1.1" 200 10659
INFO 2025-06-25 16:14:48,536 basehttp 53865 128394658313920 "GET /reenviar-verificacion/ HTTP/1.1" 200 8823
INFO 2025-06-25 16:14:55,156 views 53865 128394658313920 Correo de verificación enviado exitosamente a marko.vadel@gmail.com
INFO 2025-06-25 16:14:55,157 basehttp 53865 128394658313920 "POST /reenviar-verificacion/ HTTP/1.1" 200 9178
INFO 2025-06-25 16:16:17,844 basehttp 53865 128394398254784 "GET /verificar-email/1b532a49-0fa3-4ee5-a443-bb69a67e8771/ HTTP/1.1" 200 8596
INFO 2025-06-25 16:16:22,213 basehttp 53865 128394398254784 "GET /login/ HTTP/1.1" 200 9932
INFO 2025-06-25 16:16:27,445 basehttp 53865 128394398254784 "POST /login/ HTTP/1.1" 302 0
INFO 2025-06-25 16:16:27,469 basehttp 53865 128394398254784 "GET /admin/ HTTP/1.1" 200 33212
INFO 2025-06-25 16:17:04,223 basehttp 53865 128394398254784 "GET /admin/usuarios/usuario/ HTTP/1.1" 200 34787
INFO 2025-06-25 16:17:04,235 basehttp 53865 128394398254784 "GET /static/vendor/select2/css/select2.min.css HTTP/1.1" 200 16264
INFO 2025-06-25 16:17:04,236 basehttp 53865 128393819453120 "GET /static/admin/js/admin/RelatedObjectLookups.js HTTP/1.1" 200 9777
INFO 2025-06-25 16:17:04,237 basehttp 53865 128394373076672 "GET /static/admin/js/core.js HTTP/1.1" 200 6208
INFO 2025-06-25 16:17:04,237 basehttp 53865 128394381469376 "GET /static/admin/js/jquery.init.js HTTP/1.1" 200 347
INFO 2025-06-25 16:17:04,237 basehttp 53865 128393811060416 "GET /static/admin/js/actions.js HTTP/1.1" 200 8076
INFO 2025-06-25 16:17:04,238 basehttp 53865 128394373076672 "GET /static/admin/js/urlify.js HTTP/1.1" 200 7887
INFO 2025-06-25 16:17:04,239 basehttp 53865 128393819453120 "GET /static/admin/js/prepopulate.js HTTP/1.1" 200 1531
INFO 2025-06-25 16:17:04,240 basehttp 53865 128393811060416 "GET /static/admin/img/icon-yes.svg HTTP/1.1" 200 436
INFO 2025-06-25 16:17:04,240 basehttp 53865 128394381469376 "GET /static/admin/js/vendor/xregexp/xregexp.js HTTP/1.1" 304 0
INFO 2025-06-25 16:17:04,243 basehttp 53865 128394389862080 "GET /admin/jsi18n/ HTTP/1.1" 200 9208
INFO 2025-06-25 16:17:04,245 basehttp 53865 128394389862080 "GET /static/admin/img/icon-no.svg HTTP/1.1" 200 560
INFO 2025-06-25 16:17:04,283 basehttp 53865 128393811060416 "GET /static/vendor/select2/js/select2.min.js HTTP/1.1" 200 73170
INFO 2025-06-25 16:17:04,291 basehttp 53865 128394389862080 "GET /static/jazzmin/js/change_list.js HTTP/1.1" 200 2252
INFO 2025-06-25 16:17:15,905 basehttp 53865 128394389862080 "POST /admin/usuarios/usuario/ HTTP/1.1" 200 18083
INFO 2025-06-25 16:17:15,911 basehttp 53865 128394389862080 "GET /static/admin/js/cancel.js HTTP/1.1" 200 564
INFO 2025-06-25 16:17:17,259 basehttp 53865 128394389862080 "POST /admin/usuarios/usuario/ HTTP/1.1" 302 0
INFO 2025-06-25 16:17:17,279 basehttp 53865 128394389862080 "GET /admin/usuarios/usuario/ HTTP/1.1" 200 34424
INFO 2025-06-25 16:17:17,336 basehttp 53865 128394389862080 "GET /admin/jsi18n/ HTTP/1.1" 200 9208
INFO 2025-06-25 16:17:37,629 autoreload 55090 139855329841408 Watching for file changes with StatReloader
INFO 2025-06-25 16:17:39,831 basehttp 55090 139855139960512 "GET /admin/usuarios/usuario/2/change/ HTTP/1.1" 200 46682
INFO 2025-06-25 16:17:39,842 basehttp 55090 139855131567808 "GET /static/admin/js/calendar.js HTTP/1.1" 304 0
INFO 2025-06-25 16:17:39,846 basehttp 55090 139855122126528 "GET /static/admin/js/admin/DateTimeShortcuts.js HTTP/1.1" 304 0
INFO 2025-06-25 16:17:39,848 basehttp 55090 139855113733824 "GET /static/admin/js/SelectBox.js HTTP/1.1" 304 0
INFO 2025-06-25 16:17:39,848 basehttp 55090 139855105341120 "GET /static/admin/js/SelectFilter2.js HTTP/1.1" 304 0
INFO 2025-06-25 16:17:39,855 basehttp 55090 139855105341120 "GET /static/admin/js/change_form.js HTTP/1.1" 304 0
INFO 2025-06-25 16:17:39,856 basehttp 55090 139855139960512 "GET /admin/jsi18n/ HTTP/1.1" 200 9208
INFO 2025-06-25 16:17:39,859 basehttp 55090 139855113733824 "GET /static/admin/js/prepopulate_init.js HTTP/1.1" 304 0
INFO 2025-06-25 16:17:39,911 basehttp 55090 139855113733824 "GET /static/jazzmin/js/change_form.js HTTP/1.1" 304 0
INFO 2025-06-25 16:17:39,911 basehttp 55090 139855139960512 "GET /static/admin/img/icon-addlink.svg HTTP/1.1" 304 0
INFO 2025-06-25 16:18:07,366 basehttp 55090 139855095899840 "GET /vacante/7/postulantes/ HTTP/1.1" 200 31308
INFO 2025-06-25 16:18:07,524 basehttp 55090 139855095899840 "GET /static/css/styles.css HTTP/1.1" 200 14006
INFO 2025-06-25 16:18:07,525 basehttp 55090 139854595745472 "GET /static/img/facebook.png HTTP/1.1" 200 823
INFO 2025-06-25 16:18:07,525 basehttp 55090 139854604138176 "GET /static/img/logoColores.png HTTP/1.1" 200 6174
INFO 2025-06-25 16:18:07,526 basehttp 55090 139854587352768 "GET /static/img/x.png HTTP/1.1" 200 1275
INFO 2025-06-25 16:18:07,526 basehttp 55090 139854578960064 "GET /static/img/instagram.png HTTP/1.1" 200 1206
INFO 2025-06-25 16:18:07,526 basehttp 55090 139855095899840 "GET /static/js/main.js HTTP/1.1" 200 1441
INFO 2025-06-25 16:18:07,526 basehttp 55090 139855087507136 "GET /static/img/Mobilidad1.png HTTP/1.1" 200 78065
INFO 2025-06-25 16:18:07,572 basehttp 55090 139855095899840 "GET /static/img/colibri.ico HTTP/1.1" 304 0
INFO 2025-06-25 16:18:09,510 basehttp 55090 139855095899840 "GET /logout/ HTTP/1.1" 302 0
INFO 2025-06-25 16:18:09,528 basehttp 55090 139855095899840 "GET / HTTP/1.1" 200 21368
INFO 2025-06-25 16:18:09,579 basehttp 55090 139855095899840 "GET /static/js/busqueda-vacantes.js HTTP/1.1" 200 9860
INFO 2025-06-25 16:18:09,579 basehttp 55090 139855087507136 "GET /static/js/cards-responsive.js HTTP/1.1" 200 13109
INFO 2025-06-25 16:18:43,494 basehttp 55090 139855139960512 "POST /admin/logout/ HTTP/1.1" 302 0
INFO 2025-06-25 16:18:43,508 basehttp 55090 139855139960512 "GET / HTTP/1.1" 200 21055
INFO 2025-06-25 16:18:44,788 basehttp 55090 139855139960512 "GET /login/ HTTP/1.1" 200 9544
INFO 2025-06-25 16:18:49,445 basehttp 55090 139855139960512 "GET /reenviar-verificacion/ HTTP/1.1" 200 8823
INFO 2025-06-25 16:18:55,880 basehttp 55090 139855139960512 "GET /registro/interesado/ HTTP/1.1" 200 9374
INFO 2025-06-25 16:18:59,733 basehttp 55090 139855139960512 "GET /registro/interesado/ HTTP/1.1" 200 9374
INFO 2025-06-25 16:19:11,990 basehttp 55090 139855139960512 "POST /registro/interesado/ HTTP/1.1" 302 0
INFO 2025-06-25 16:19:11,993 basehttp 55090 139855139960512 "GET /login/ HTTP/1.1" 200 9874
INFO 2025-06-25 16:19:45,513 basehttp 55090 139855139960512 "GET /reenviar-verificacion/ HTTP/1.1" 200 8823
INFO 2025-06-25 16:19:50,763 views 55090 139855139960512 Correo de verificación enviado exitosamente a marko.vadel@gmail.com
INFO 2025-06-25 16:19:50,764 basehttp 55090 139855139960512 "POST /reenviar-verificacion/ HTTP/1.1" 200 9178
INFO 2025-06-25 16:20:08,619 basehttp 55090 139855139960512 "GET /verificar-email/85fb71de-4879-47e9-a255-70b665335092/ HTTP/1.1" 200 8208
INFO 2025-06-25 16:20:10,490 basehttp 55090 139855139960512 "GET /login/ HTTP/1.1" 200 9544
INFO 2025-06-25 16:20:17,473 basehttp 55090 139855139960512 "POST /login/ HTTP/1.1" 302 0
INFO 2025-06-25 16:20:17,496 basehttp 55090 139855139960512 "GET /perfil/interesado/ HTTP/1.1" 200 82960
INFO 2025-06-25 16:21:07,333 basehttp 55090 139855139960512 "GET / HTTP/1.1" 200 21443
INFO 2025-06-25 16:21:08,498 basehttp 55090 139855139960512 "GET /logout/ HTTP/1.1" 302 0
INFO 2025-06-25 16:21:08,512 basehttp 55090 139855139960512 "GET / HTTP/1.1" 200 21368
INFO 2025-06-25 16:21:09,251 basehttp 55090 139855139960512 "GET /login/ HTTP/1.1" 200 9544
INFO 2025-06-25 16:21:12,360 basehttp 55090 139855139960512 "POST /login/ HTTP/1.1" 302 0
INFO 2025-06-25 16:21:12,374 basehttp 55090 139855139960512 "GET /dashboard/reclutador/ HTTP/1.1" 200 16992
INFO 2025-06-25 16:21:14,904 basehttp 55090 139855139960512 "GET /logout/ HTTP/1.1" 302 0
INFO 2025-06-25 16:21:14,914 basehttp 55090 139855139960512 "GET / HTTP/1.1" 200 21368
INFO 2025-06-25 16:22:12,932 autoreload 55090 139855329841408 /home/marco/PycharmProjects/BT/config/settings.py changed, reloading.
INFO 2025-06-25 16:22:13,162 autoreload 56069 128192165069056 Watching for file changes with StatReloader
INFO 2025-06-25 16:22:19,479 autoreload 56069 128192165069056 /home/marco/PycharmProjects/BT/config/settings.py changed, reloading.
INFO 2025-06-25 16:22:30,001 autoreload 56199 130126658748672 Watching for file changes with StatReloader
INFO 2025-06-25 16:28:56,101 autoreload 57030 129932920819968 Watching for file changes with StatReloader
INFO 2025-06-25 16:39:14,599 autoreload 60067 128407222931712 Watching for file changes with StatReloader
INFO 2025-06-25 16:41:09,747 autoreload 60374 134393871732992 Watching for file changes with StatReloader
INFO 2025-06-25 16:41:11,627 basehttp 60374 134393682196160 "GET / HTTP/1.1" 200 21063
INFO 2025-06-25 16:41:12,530 basehttp 60374 134393682196160 "GET / HTTP/1.1" 200 21063
INFO 2025-06-25 16:41:13,184 basehttp 60374 134393682196160 "GET /login/ HTTP/1.1" 200 9544
INFO 2025-06-25 16:41:17,398 basehttp 60374 134393682196160 "POST /login/ HTTP/1.1" 200 10655
INFO 2025-06-25 16:41:21,881 basehttp 60374 134393682196160 "POST /login/ HTTP/1.1" 302 0
INFO 2025-06-25 16:41:21,904 basehttp 60374 134393682196160 "GET /perfil/interesado/ HTTP/1.1" 200 98748
INFO 2025-06-25 16:41:21,918 basehttp 60374 134393682196160 "GET /static/css/image-cropper.css HTTP/1.1" 200 3551
INFO 2025-06-25 16:41:21,918 basehttp 60374 134393654920896 "GET /static/js/perfil-interesado.js HTTP/1.1" 200 9180
INFO 2025-06-25 16:41:21,918 basehttp 60374 134393664362176 "GET /static/js/image-cropper.js HTTP/1.1" 200 12294
INFO 2025-06-25 16:41:21,924 basehttp 60374 134393672754880 "GET /media/interesados/profile_KsbcFlG.jpg HTTP/1.1" 200 9371
INFO 2025-06-25 16:41:24,981 basehttp 60374 134393682196160 "GET /logout/ HTTP/1.1" 302 0
INFO 2025-06-25 16:41:24,994 basehttp 60374 134393682196160 "GET / HTTP/1.1" 200 21376
INFO 2025-06-25 16:42:55,754 basehttp 60374 134393682196160 "GET / HTTP/1.1" 200 21063
INFO 2025-06-25 16:42:56,163 basehttp 60374 134393682196160 "GET / HTTP/1.1" 200 21063
INFO 2025-06-25 16:42:56,324 basehttp 60374 134393682196160 "GET / HTTP/1.1" 200 21063
INFO 2025-06-25 16:42:56,483 basehttp 60374 134393682196160 "GET / HTTP/1.1" 200 21063
INFO 2025-06-25 16:42:57,357 basehttp 60374 134393682196160 "GET /login/ HTTP/1.1" 200 9544
INFO 2025-06-25 16:42:57,784 basehttp 60374 134393682196160 "GET / HTTP/1.1" 200 21063
INFO 2025-06-25 17:22:35,801 autoreload 74389 140531637666048 Watching for file changes with StatReloader
INFO 2025-06-25 17:22:36,659 basehttp 74389 140531449460416 "GET / HTTP/1.1" 200 21063
INFO 2025-06-25 17:22:38,523 basehttp 74389 140531449460416 "GET / HTTP/1.1" 200 21063
INFO 2025-06-25 17:22:38,967 basehttp 74389 140531449460416 "GET / HTTP/1.1" 200 21063
INFO 2025-06-25 17:22:44,231 basehttp 74389 140531430577856 "GET / HTTP/1.1" 200 21063
INFO 2025-06-25 17:22:44,245 basehttp 74389 140531413792448 "GET /static/img/logoColores.png HTTP/1.1" 200 6174
INFO 2025-06-25 17:22:44,245 basehttp 74389 140531430577856 "GET /static/css/styles.css HTTP/1.1" 200 14006
INFO 2025-06-25 17:22:44,246 basehttp 74389 140531061487296 "GET /static/img/facebook.png HTTP/1.1" 200 823
INFO 2025-06-25 17:22:44,246 basehttp 74389 140531053094592 "GET /static/img/x.png HTTP/1.1" 200 1275
INFO 2025-06-25 17:22:44,246 basehttp 74389 140531044701888 "GET /static/img/instagram.png HTTP/1.1" 200 1206
INFO 2025-06-25 17:22:44,246 basehttp 74389 140531422185152 "GET /static/img/Mobilidad1.png HTTP/1.1" 200 78065
INFO 2025-06-25 17:22:44,248 basehttp 74389 140531413792448 "GET /static/js/main.js HTTP/1.1" 200 1441
INFO 2025-06-25 17:22:44,248 basehttp 74389 140531061487296 "GET /static/js/cards-responsive.js HTTP/1.1" 200 13109
INFO 2025-06-25 17:22:44,248 basehttp 74389 140531044701888 "GET /static/js/busqueda-vacantes.js HTTP/1.1" 200 9860
INFO 2025-06-25 17:22:44,822 basehttp 74389 140531044701888 "GET /static/img/colibri.ico HTTP/1.1" 200 1150
INFO 2025-06-25 17:22:56,028 basehttp 74389 140531449460416 "GET /login/ HTTP/1.1" 200 9544
INFO 2025-06-25 17:22:58,003 basehttp 74389 140531449460416 "POST /login/ HTTP/1.1" 302 0
INFO 2025-06-25 17:22:58,019 basehttp 74389 140531449460416 "GET /dashboard/reclutador/ HTTP/1.1" 200 16992
INFO 2025-06-25 17:23:07,459 basehttp 74389 140531044701888 "GET /login/ HTTP/1.1" 200 9544
INFO 2025-06-25 17:23:12,513 basehttp 74389 140531044701888 "POST /login/ HTTP/1.1" 302 0
INFO 2025-06-25 17:23:12,533 basehttp 74389 140531044701888 "GET /perfil/interesado/ HTTP/1.1" 200 98748
INFO 2025-06-25 17:23:12,542 basehttp 74389 140531044701888 "GET /static/css/image-cropper.css HTTP/1.1" 200 3551
INFO 2025-06-25 17:23:12,542 basehttp 74389 140531413792448 "GET /static/js/image-cropper.js HTTP/1.1" 200 12294
INFO 2025-06-25 17:23:12,542 basehttp 74389 140531430577856 "GET /static/js/perfil-interesado.js HTTP/1.1" 200 9180
INFO 2025-06-25 17:23:12,548 basehttp 74389 140531061487296 "GET /media/interesados/profile_KsbcFlG.jpg HTTP/1.1" 200 9371
INFO 2025-06-25 17:23:13,744 basehttp 74389 140531044701888 "GET /logout/ HTTP/1.1" 302 0
INFO 2025-06-25 17:23:13,755 basehttp 74389 140531044701888 "GET / HTTP/1.1" 200 21376
INFO 2025-06-25 17:36:43,846 basehttp 74389 140531449460416 "GET / HTTP/1.1" 200 21292
INFO 2025-06-25 17:36:52,952 basehttp 74389 140531430577856 "GET / HTTP/1.1" 200 21063
INFO 2025-06-25 17:36:52,962 basehttp 74389 140531430577856 "GET /static/css/styles.css HTTP/1.1" 200 14006
INFO 2025-06-25 17:36:52,963 basehttp 74389 140531044701888 "GET /static/img/logoColores.png HTTP/1.1" 200 6174
INFO 2025-06-25 17:36:52,964 basehttp 74389 140531036309184 "GET /static/img/facebook.png HTTP/1.1" 200 823
INFO 2025-06-25 17:36:52,964 basehttp 74389 140531044701888 "GET /static/js/main.js HTTP/1.1" 200 1441
INFO 2025-06-25 17:36:52,964 basehttp 74389 140531413792448 "GET /static/img/instagram.png HTTP/1.1" 200 1206
INFO 2025-06-25 17:36:52,964 basehttp 74389 140531449460416 "GET /static/img/x.png HTTP/1.1" 200 1275
INFO 2025-06-25 17:36:52,965 basehttp 74389 140531053094592 "GET /static/img/Mobilidad1.png HTTP/1.1" 200 78065
INFO 2025-06-25 17:36:52,966 basehttp 74389 140531413792448 "GET /static/js/cards-responsive.js HTTP/1.1" 200 13109
INFO 2025-06-25 17:36:52,966 basehttp 74389 140531449460416 "GET /static/js/busqueda-vacantes.js HTTP/1.1" 200 9860
INFO 2025-06-25 17:36:53,412 basehttp 74389 140531449460416 "GET /static/img/colibri.ico HTTP/1.1" 200 1150
INFO 2025-06-25 17:55:28,904 autoreload 74389 140531637666048 /home/marco/PycharmProjects/BT/config/settings.py changed, reloading.
INFO 2025-06-25 17:55:29,122 autoreload 77930 131311699583232 Watching for file changes with StatReloader
INFO 2025-06-25 17:56:01,516 basehttp 77930 131311510484672 "GET / HTTP/1.1" 200 21293
INFO 2025-06-26 09:24:49,412 autoreload 11706 138793690333440 Watching for file changes with StatReloader
INFO 2025-06-26 09:35:55,969 basehttp 11706 138793559516864 "GET /?q= HTTP/1.1" 200 21294
INFO 2025-06-26 09:35:55,978 basehttp 11706 138793559516864 "GET /static/css/styles.css HTTP/1.1" 304 0
INFO 2025-06-26 09:43:52,768 basehttp 11706 138793559516864 "GET / HTTP/1.1" 200 21295
INFO 2025-06-26 09:43:52,799 basehttp 11706 138793344562880 "GET /static/js/busqueda-vacantes.js HTTP/1.1" 304 0
INFO 2025-06-26 09:43:52,801 basehttp 11706 138793336170176 "GET /static/js/cards-responsive.js HTTP/1.1" 304 0
INFO 2025-06-26 09:43:52,802 basehttp 11706 138793559516864 "GET /static/css/styles.css HTTP/1.1" 200 14006
INFO 2025-06-26 09:43:52,802 basehttp 11706 138793567909568 "GET /static/js/main.js HTTP/1.1" 200 1441
INFO 2025-06-26 09:43:52,844 basehttp 11706 138793567909568 "GET /static/img/instagram.png HTTP/1.1" 200 1206
INFO 2025-06-26 09:43:52,844 basehttp 11706 138793344562880 "GET /static/img/x.png HTTP/1.1" 200 1275
INFO 2025-06-26 09:43:52,844 basehttp 11706 138793336170176 "GET /static/img/facebook.png HTTP/1.1" 200 823
INFO 2025-06-26 09:43:52,845 basehttp 11706 138793319384768 "GET /static/img/logoColores.png HTTP/1.1" 200 6174
INFO 2025-06-26 09:43:52,845 basehttp 11706 138793559516864 "GET /static/img/Mobilidad1.png HTTP/1.1" 200 78065
INFO 2025-06-26 09:43:52,887 basehttp 11706 138793559516864 "GET /static/img/colibri.ico HTTP/1.1" 200 1150
INFO 2025-06-26 09:43:54,501 basehttp 11706 138793319384768 "GET /logout/ HTTP/1.1" 302 0
INFO 2025-06-26 09:43:54,514 basehttp 11706 138793319384768 "GET / HTTP/1.1" 200 21379
INFO 2025-06-26 09:43:55,953 basehttp 11706 138793567909568 "GET /login/ HTTP/1.1" 200 9544
INFO 2025-06-26 09:44:09,607 basehttp 11706 138793567909568 "GET /registro/interesado/ HTTP/1.1" 200 9374
INFO 2025-06-26 09:44:11,254 basehttp 11706 138793567909568 "GET /login/ HTTP/1.1" 200 9544
INFO 2025-06-26 09:44:49,974 basehttp 11706 138793344562880 "GET /registro/interesado/ HTTP/1.1" 200 9374
INFO 2025-06-26 09:45:18,723 basehttp 11706 138793344562880 "GET /registro/reclutador/ HTTP/1.1" 200 14513
INFO 2025-06-26 09:45:44,944 basehttp 11706 138793336170176 "GET /registro/reclutador/ HTTP/1.1" 200 14526
INFO 2025-06-26 09:46:09,332 basehttp 11706 138793319384768 "GET /registro/reclutador/ HTTP/1.1" 200 14527
INFO 2025-06-26 09:47:04,728 basehttp 11706 138793327777472 "GET /registro/reclutador/ HTTP/1.1" 200 14543
INFO 2025-06-26 09:47:14,576 basehttp 11706 138793319384768 "GET /registro/reclutador/ HTTP/1.1" 200 14543
INFO 2025-06-26 09:47:26,975 basehttp 11706 138793336170176 "GET /registro/reclutador/ HTTP/1.1" 200 14556
INFO 2025-06-26 09:48:17,743 basehttp 11706 138793344562880 "GET /registro/reclutador/ HTTP/1.1" 200 14560
INFO 2025-06-26 09:49:05,045 autoreload 11706 138793690333440 /home/marco/PycharmProjects/BT/usuarios/forms.py changed, reloading.
INFO 2025-06-26 09:49:05,712 autoreload 20370 137699745865984 Watching for file changes with StatReloader
INFO 2025-06-26 09:49:07,908 basehttp 20370 137699624220352 "GET /registro/reclutador/ HTTP/1.1" 200 14559
INFO 2025-06-26 09:49:23,265 autoreload 20370 137699745865984 /home/marco/PycharmProjects/BT/usuarios/forms.py changed, reloading.
INFO 2025-06-26 09:49:23,480 autoreload 20475 131538722894080 Watching for file changes with StatReloader
INFO 2025-06-26 09:53:04,884 basehttp 20475 131538533480128 "GET /registro/reclutador/ HTTP/1.1" 200 14553
INFO 2025-06-26 09:53:19,119 basehttp 20475 131538533480128 "GET /registro/reclutador/ HTTP/1.1" 200 14542
INFO 2025-06-26 09:53:28,266 basehttp 20475 131538533480128 "GET /registro/reclutador/ HTTP/1.1" 200 14553
INFO 2025-06-26 09:54:28,948 autoreload 20475 131538722894080 /home/marco/PycharmProjects/BT/usuarios/forms.py changed, reloading.
INFO 2025-06-26 09:54:29,188 autoreload 21155 126258548216064 Watching for file changes with StatReloader
INFO 2025-06-26 09:55:09,651 autoreload 21155 126258548216064 /home/marco/PycharmProjects/BT/usuarios/forms.py changed, reloading.
INFO 2025-06-26 09:55:09,867 autoreload 21311 130627942379776 Watching for file changes with StatReloader
INFO 2025-06-26 09:55:47,323 autoreload 21311 130627942379776 /home/marco/PycharmProjects/BT/usuarios/forms.py changed, reloading.
INFO 2025-06-26 09:55:47,634 autoreload 21461 127824847675648 Watching for file changes with StatReloader
INFO 2025-06-26 09:55:49,790 basehttp 21461 127824657643200 "GET /registro/reclutador/ HTTP/1.1" 200 14617
INFO 2025-06-26 09:55:53,533 basehttp 21461 127824657643200 "GET /registro/reclutador/ HTTP/1.1" 200 14617
INFO 2025-06-26 09:56:06,711 basehttp 21461 127824648201920 "GET /registro/reclutador/ HTTP/1.1" 200 14617
INFO 2025-06-26 09:56:10,239 autoreload 21581 124916416139520 Watching for file changes with StatReloader
INFO 2025-06-26 09:56:12,171 basehttp 21581 124916226586304 "GET /registro/reclutador/ HTTP/1.1" 200 14617
INFO 2025-06-26 09:56:12,624 basehttp 21581 124916226586304 "GET /registro/reclutador/ HTTP/1.1" 200 14617
INFO 2025-06-26 09:56:12,807 basehttp 21581 124916226586304 "GET /registro/reclutador/ HTTP/1.1" 200 14617
INFO 2025-06-26 09:56:13,104 basehttp 21581 124916226586304 "GET /registro/reclutador/ HTTP/1.1" 200 14617
INFO 2025-06-26 09:56:47,703 autoreload 21581 124916416139520 /home/marco/PycharmProjects/BT/usuarios/forms.py changed, reloading.
INFO 2025-06-26 09:56:47,916 autoreload 21705 139669966307584 Watching for file changes with StatReloader
INFO 2025-06-26 09:56:48,545 basehttp 21705 139669776889536 "GET /registro/reclutador/ HTTP/1.1" 200 14598
INFO 2025-06-26 09:58:22,608 basehttp 21705 139669776889536 "GET /registro/reclutador/ HTTP/1.1" 200 14648
INFO 2025-06-26 09:58:38,051 basehttp 21705 139669776889536 "GET /registro/reclutador/ HTTP/1.1" 200 14623
INFO 2025-06-26 09:59:48,441 basehttp 21705 139669766399680 "GET /registro/reclutador/ HTTP/1.1" 200 14624
INFO 2025-06-26 10:00:04,925 basehttp 21705 139669776889536 "GET /registro/reclutador/ HTTP/1.1" 200 14625
INFO 2025-06-26 10:00:42,733 basehttp 21705 139669758006976 "GET /registro/reclutador/ HTTP/1.1" 200 16158
INFO 2025-06-26 10:01:30,297 autoreload 21705 139669966307584 /home/marco/PycharmProjects/BT/usuarios/forms.py changed, reloading.
INFO 2025-06-26 10:01:30,587 autoreload 22507 131521610146048 Watching for file changes with StatReloader
INFO 2025-06-26 10:01:31,547 basehttp 22507 131521421768384 "GET /registro/reclutador/ HTTP/1.1" 200 16147
INFO 2025-06-26 10:02:01,157 basehttp 22507 131521421768384 "GET /registro/reclutador/ HTTP/1.1" 200 16148
INFO 2025-06-26 10:02:25,136 autoreload 22507 131521610146048 /home/marco/PycharmProjects/BT/usuarios/forms.py changed, reloading.
INFO 2025-06-26 10:02:25,349 autoreload 22661 124776800080128 Watching for file changes with StatReloader
INFO 2025-06-26 10:02:26,881 basehttp 22661 124776678946496 "GET /registro/reclutador/ HTTP/1.1" 200 16148
INFO 2025-06-26 10:02:31,943 autoreload 22661 124776800080128 /home/marco/PycharmProjects/BT/usuarios/forms.py changed, reloading.
INFO 2025-06-26 10:02:32,215 autoreload 22754 125408857932032 Watching for file changes with StatReloader
INFO 2025-06-26 10:03:44,994 basehttp 22754 125408668284608 "GET /registro/reclutador/ HTTP/1.1" 200 16122
INFO 2025-06-26 10:04:17,252 basehttp 22754 125408668284608 "GET /login/ HTTP/1.1" 200 9544
INFO 2025-06-26 10:04:36,258 basehttp 22754 125408658843328 "GET /login/ HTTP/1.1" 200 9953
INFO 2025-06-26 10:04:45,744 basehttp 22754 125408650450624 "GET /login/ HTTP/1.1" 200 9539
INFO 2025-06-26 10:04:55,784 basehttp 22754 125408642057920 "GET /login/ HTTP/1.1" 200 9464
INFO 2025-06-26 10:04:58,586 basehttp 22754 125408633665216 "GET /reenviar-verificacion/ HTTP/1.1" 200 8823
INFO 2025-06-26 10:06:02,866 basehttp 22754 125408633665216 "GET /reenviar-verificacion/ HTTP/1.1" 200 8836
INFO 2025-06-26 10:06:33,330 basehttp 22754 125408633665216 "GET / HTTP/1.1" 200 21066
WARNING 2025-06-26 10:06:34,569 log 22754 125408633665216 Not Found: /favicon.ico
INFO 2025-06-26 10:06:46,480 basehttp 22754 125408642057920 "GET /reenviar-verificacion/ HTTP/1.1" 200 8687
INFO 2025-06-26 10:06:48,008 basehttp 22754 125408650450624 "GET /login/ HTTP/1.1" 200 9464
INFO 2025-06-26 10:06:49,032 basehttp 22754 125408658843328 "GET / HTTP/1.1" 200 21066
WARNING 2025-06-26 10:06:50,202 log 22754 125408658843328 Not Found: /favicon.ico
INFO 2025-06-26 10:07:34,689 basehttp 22754 125408658843328 "GET /login/ HTTP/1.1" 200 9642
INFO 2025-06-26 10:08:18,426 basehttp 22754 125408650450624 "GET /login/ HTTP/1.1" 200 9616
INFO 2025-06-26 10:08:25,149 basehttp 22754 125408642057920 "GET /registro/interesado/ HTTP/1.1" 200 9374
INFO 2025-06-26 10:08:25,178 basehttp 22754 125408642057920 "GET /static/img/colibri.ico HTTP/1.1" 200 1150
INFO 2025-06-26 10:08:39,814 basehttp 22754 125408668284608 "GET /reenviar-verificacion/ HTTP/1.1" 200 8687
WARNING 2025-06-26 10:08:40,925 log 22754 125408625272512 Not Found: /favicon.ico
INFO 2025-06-26 10:08:42,057 basehttp 22754 125408668284608 "GET /reenviar-verificacion/ HTTP/1.1" 200 8687
INFO 2025-06-26 10:09:09,953 basehttp 22754 125408633665216 "GET /registro/interesado/ HTTP/1.1" 200 9374
WARNING 2025-06-26 10:09:12,922 log 22754 125408633665216 Not Found: /favicon.ico
INFO 2025-06-26 10:09:16,149 basehttp 22754 125408642057920 "GET /reenviar-verificacion/ HTTP/1.1" 200 8687
INFO 2025-06-26 10:09:18,142 basehttp 22754 125408642057920 "GET / HTTP/1.1" 200 21066
INFO 2025-06-26 10:09:21,621 autoreload 23754 136104182042880 Watching for file changes with StatReloader
INFO 2025-06-26 10:09:23,812 basehttp 23754 136104059598528 "GET /login/ HTTP/1.1" 200 9608
INFO 2025-06-26 10:09:25,008 basehttp 23754 136104059598528 "GET /registro/interesado/ HTTP/1.1" 200 9374
INFO 2025-06-26 10:09:31,210 basehttp 23754 136104050157248 "GET /login/ HTTP/1.1" 200 9608
INFO 2025-06-26 10:09:47,234 basehttp 23754 136104050157248 "GET /login/ HTTP/1.1" 200 9150
INFO 2025-06-26 10:09:52,778 basehttp 23754 136104059598528 "GET /login/ HTTP/1.1" 200 9608
INFO 2025-06-26 10:10:05,628 basehttp 23754 136104041764544 "GET /reenviar-verificacion/ HTTP/1.1" 200 8687
INFO 2025-06-26 10:10:09,834 basehttp 23754 136104033371840 "GET /reenviar-verificacion/ HTTP/1.1" 200 8687
INFO 2025-06-26 10:10:57,576 basehttp 23754 136103956838080 "GET /reenviar-verificacion/ HTTP/1.1" 200 9146
INFO 2025-06-26 10:11:03,505 basehttp 23754 136103948445376 "GET /login/ HTTP/1.1" 200 9608
INFO 2025-06-26 10:11:29,797 basehttp 23754 136103956838080 "GET /login/ HTTP/1.1" 200 9608
INFO 2025-06-26 10:13:01,599 basehttp 23754 136103956838080 "GET /login/ HTTP/1.1" 200 9608
INFO 2025-06-26 10:13:03,092 basehttp 23754 136104033371840 "GET /login/ HTTP/1.1" 200 9608
INFO 2025-06-26 10:13:03,691 basehttp 23754 136104041764544 "GET /registro/interesado/ HTTP/1.1" 200 9374
INFO 2025-06-26 10:13:15,151 basehttp 23754 136104041764544 "GET /login/ HTTP/1.1" 200 9608
INFO 2025-06-26 10:13:16,205 basehttp 23754 136104041764544 "GET / HTTP/1.1" 200 21066
INFO 2025-06-26 10:13:16,774 basehttp 23754 136104041764544 "GET /registro/interesado/ HTTP/1.1" 200 9374
INFO 2025-06-26 10:13:18,641 basehttp 23754 136104041764544 "GET /login/ HTTP/1.1" 200 9608
INFO 2025-06-26 10:14:00,651 basehttp 23754 136104041764544 "GET /login/ HTTP/1.1" 200 9608
INFO 2025-06-26 10:14:14,006 basehttp 23754 136104041764544 "GET /login/ HTTP/1.1" 200 9607
INFO 2025-06-26 10:15:48,710 basehttp 23754 136104033371840 "GET /login/ HTTP/1.1" 200 9607
INFO 2025-06-26 10:15:50,001 basehttp 23754 136103956838080 "GET /login/ HTTP/1.1" 200 9607
INFO 2025-06-26 10:15:50,540 basehttp 23754 136103948445376 "GET /login/ HTTP/1.1" 200 9607
INFO 2025-06-26 10:15:53,421 basehttp 23754 136103948445376 "POST /login/ HTTP/1.1" 302 0
INFO 2025-06-26 10:15:53,451 basehttp 23754 136103948445376 "GET /perfil/interesado/ HTTP/1.1" 200 98748
INFO 2025-06-26 10:15:53,469 basehttp 23754 136103948445376 "GET /static/css/image-cropper.css HTTP/1.1" 200 3551
INFO 2025-06-26 10:15:53,472 basehttp 23754 136103956838080 "GET /static/js/image-cropper.js HTTP/1.1" 304 0
INFO 2025-06-26 10:15:53,472 basehttp 23754 136104033371840 "GET /static/js/perfil-interesado.js HTTP/1.1" 304 0
INFO 2025-06-26 10:15:53,619 basehttp 23754 136103948445376 "GET /media/interesados/profile_KsbcFlG.jpg HTTP/1.1" 200 9371
INFO 2025-06-26 10:17:09,468 basehttp 23754 136103948445376 "GET /logout/ HTTP/1.1" 302 0
INFO 2025-06-26 10:17:09,484 basehttp 23754 136103948445376 "GET / HTTP/1.1" 200 21379
INFO 2025-06-26 10:17:17,359 basehttp 23754 136103956838080 "GET /login/ HTTP/1.1" 200 10961
INFO 2025-06-26 10:17:32,144 basehttp 23754 136104033371840 "GET /registro/interesado/ HTTP/1.1" 200 9374
INFO 2025-06-26 10:17:34,323 basehttp 23754 136103948445376 "GET /reenviar-verificacion/ HTTP/1.1" 200 8687
INFO 2025-06-26 10:17:40,051 basehttp 23754 136104041764544 "GET /login/ HTTP/1.1" 200 9607
INFO 2025-06-26 10:17:46,251 basehttp 23754 136104041764544 "GET /login/ HTTP/1.1" 200 10961
INFO 2025-06-26 10:17:49,712 basehttp 23754 136104041764544 "POST /login/ HTTP/1.1" 302 0
INFO 2025-06-26 10:17:49,732 basehttp 23754 136104041764544 "GET /perfil/interesado/ HTTP/1.1" 200 98748
INFO 2025-06-26 10:18:07,966 basehttp 23754 136103948445376 "GET / HTTP/1.1" 200 21454
INFO 2025-06-26 10:20:53,609 basehttp 23754 136103948445376 "GET /perfil/interesado/ HTTP/1.1" 200 98748
INFO 2025-06-26 10:20:53,626 basehttp 23754 136103948445376 "GET /static/css/styles.css HTTP/1.1" 200 14006
INFO 2025-06-26 10:20:53,668 basehttp 23754 136103948445376 "GET /static/img/instagram.png HTTP/1.1" 200 1206
INFO 2025-06-26 10:20:53,671 basehttp 23754 136103956838080 "GET /static/img/logoColores.png HTTP/1.1" 200 6174
INFO 2025-06-26 10:20:53,671 basehttp 23754 136104050157248 "GET /static/img/facebook.png HTTP/1.1" 200 823
INFO 2025-06-26 10:20:53,671 basehttp 23754 136103940052672 "GET /static/img/x.png HTTP/1.1" 200 1275
INFO 2025-06-26 10:20:53,672 basehttp 23754 136104033371840 "GET /static/img/Mobilidad1.png HTTP/1.1" 200 78065
INFO 2025-06-26 10:20:58,543 basehttp 23754 136104033371840 "POST /ajax/actualizar-perfil/ HTTP/1.1" 200 262
INFO 2025-06-26 10:20:58,557 basehttp 23754 136104033371840 "GET /media/interesados/profile_16zoUfK.jpg HTTP/1.1" 200 9799
INFO 2025-06-26 10:21:45,360 basehttp 23754 136104033371840 "POST /ajax/actualizar-perfil/ HTTP/1.1" 200 262
INFO 2025-06-26 10:21:45,374 basehttp 23754 136104033371840 "GET /media/interesados/profile_Z3Mo6Z2.jpg HTTP/1.1" 200 9246
INFO 2025-06-26 10:25:40,527 basehttp 23754 136104033371840 "GET / HTTP/1.1" 200 21454
INFO 2025-06-26 10:25:41,596 basehttp 23754 136103956838080 "GET /logout/ HTTP/1.1" 302 0
INFO 2025-06-26 10:25:41,612 basehttp 23754 136103956838080 "GET / HTTP/1.1" 200 21379
INFO 2025-06-26 10:25:42,431 basehttp 23754 136104050157248 "GET /login/ HTTP/1.1" 200 10961
INFO 2025-06-26 10:26:02,820 basehttp 23754 136103940052672 "GET /login/ HTTP/1.1" 200 10961
INFO 2025-06-26 10:26:02,841 basehttp 23754 136103940052672 "GET /static/css/styles.css HTTP/1.1" 200 14006
INFO 2025-06-26 10:26:02,842 basehttp 23754 136104041764544 "GET /static/js/main.js HTTP/1.1" 200 1441
INFO 2025-06-26 10:26:02,931 basehttp 23754 136103940052672 "GET /static/img/logoColores.png HTTP/1.1" 200 6174
INFO 2025-06-26 10:26:02,932 basehttp 23754 136103931659968 "GET /static/img/instagram.png HTTP/1.1" 200 1206
INFO 2025-06-26 10:26:02,933 basehttp 23754 136103948445376 "GET /static/img/facebook.png HTTP/1.1" 200 823
INFO 2025-06-26 10:26:02,933 basehttp 23754 136103923267264 "GET /static/img/x.png HTTP/1.1" 200 1275
INFO 2025-06-26 10:26:02,933 basehttp 23754 136104041764544 "GET /static/img/Mobilidad1.png HTTP/1.1" 200 78065
INFO 2025-06-26 10:26:03,038 basehttp 23754 136104041764544 "GET /static/img/colibri.ico HTTP/1.1" 200 1150
INFO 2025-06-26 10:26:07,332 basehttp 23754 136104041764544 "POST /login/ HTTP/1.1" 200 11483
INFO 2025-06-26 10:26:16,419 basehttp 23754 136104041764544 "POST /login/ HTTP/1.1" 200 11483
INFO 2025-06-26 10:31:29,151 basehttp 23754 136103923267264 "POST /login/ HTTP/1.1" 200 11488
INFO 2025-06-26 10:32:22,614 basehttp 23754 136103923267264 "POST /login/ HTTP/1.1" 200 11487
INFO 2025-06-26 10:32:23,850 basehttp 23754 136103923267264 "GET / HTTP/1.1" 200 21065
INFO 2025-06-26 10:32:23,862 basehttp 23754 136103923267264 "GET /static/js/busqueda-vacantes.js HTTP/1.1" 200 9860
INFO 2025-06-26 10:32:23,862 basehttp 23754 136103948445376 "GET /static/js/cards-responsive.js HTTP/1.1" 200 13109
